{"phoneNumber":"foo","queue":[{"apiKey":"foo","uuid":"00000000-0000-0000-0000-000000000001","endpoint":{"registerPushToken":{"_0":{"data":{"type":"push-token","attributes":{"token":"foo","enablement_status":"AUTHORIZED","platform":"ios","background":"AVAILABLE","profile":{"data":{"attributes":{"anonymous_id":"foo","phone_number":"foo","email":"foo","properties":{}},"type":"profile"}},"device_metadata":{"klaviyo_sdk":"swift","os_version":"17.0.0","device_id":"278E698D-7E37-477E-BD83-60BB4FCF404E","app_id":"com.apple.dt.xctest.tool","os_name":"iOS","manufacturer":"Apple","app_build":"22189","sdk_version":"3.2.0","environment":"debug","app_name":"xctest","app_version":"15.0","device_model":"arm64"},"vendor":"APNs"}}}}}}],"email":"foo","anonymousId":"foo","pushTokenData":{"pushBackground":"AVAILABLE","deviceData":{"device_id":"fe-fi-fo-fum","manufacturer":"Orange","os_version":"1.1.1","app_name":"FooApp","app_version":"1.2.3","app_build":"1","device_model":"jPhone 1,1","app_id":"com.klaviyo.fooapp","environment":"debug","sdk_version":"3.2.0","klaviyo_sdk":"swift","os_name":"iOS"},"pushToken":"foo","pushEnablement":"AUTHORIZED"}}